
*************** BEGIN RAPL INFO ***************
Energy measurements:
PACKAGE_ENERGY:PACKAGE0	33.601425J	(Average Power 16.8W)
PACKAGE_ENERGY:PACKAGE1	35.614090J	(Average Power 17.8W)
DRAM_ENERGY:PACKAGE0	4.195908J	(Average Power 2.1W)
DRAM_ENERGY:PACKAGE1	3.305756J	(Average Power 1.7W)
PP0_ENERGY:PACKAGE0	7.132446J	(Average Power 3.6W)
PP0_ENERGY:PACKAGE1	9.117386J	(Average Power 4.6W)

Fixed values:
THERMAL_SPEC:PACKAGE0	115.000W
THERMAL_SPEC:PACKAGE1	115.000W
MINIMUM_POWER:PACKAGE0	51.000W
MINIMUM_POWER:PACKAGE1	51.000W
MAXIMUM_POWER:PACKAGE0	180.000W
MAXIMUM_POWER:PACKAGE1	180.000W
MAXIMUM_TIME_WINDOW:PACKAGE0	0.046s
MAXIMUM_TIME_WINDOW:PACKAGE1	0.046s
PACKAGE_POWER_LIMIT:PACKAGE0	0x148398
PACKAGE_POWER_LIMIT:PACKAGE1	0x148398
PP0_POWER_LIMIT:PACKAGE0	0x80000000
PP0_POWER_LIMIT:PACKAGE1	0x80000000
DRAM_POWER_LIMIT: PACKAGE0	0x80000000
DRAM_POWER_LIMIT: PACKAGE1	0x80000000

*************** END RAPL INFO ***************
